SATIVA v0.9.1, released on 2023-08-16. Last version: https://github.com/amkozlov/sativa 
By A.Kozlov and J.Zhang, the Exelixis Lab. Based on RAxML 8.2.3 by A.Stamatakis.

SATIVA was called as follows:

sativa.py -s n400.fasta -t n400.tax -m ultrafast -C 0.4 -x BOT -T 8 -p 42 -n n400_port_py3_epang_T8_rep2 -S -tmpdir $SCRATCH/tmp/n400_port_py3_epang_T8_rep2

*** STEP 1: Building the reference tree using provided alignment and taxonomic annotations ***

=> Loading taxonomy from file: n400.tax ...

==> Loading reference alignment from file: n400.fasta ...

===> Validating taxonomy and alignment ...


WARNING: Following taxa share >60% indentical sequences und thus considered indistinguishable:
Plantae;Tracheophyta;NA;Aquifoliales;Aquifoliaceae;Ilex;Ilex ferruginea
Plantae;Tracheophyta;NA;Aquifoliales;Aquifoliaceae;Ilex;Ilex sugerokii
Plantae;Tracheophyta;NA;Aquifoliales;Aquifoliaceae;Ilex;Ilex hirsuta
For the purpose of mislabels identification, they were merged into one taxon:
Plantae;Tracheophyta;NA;Aquifoliales;Aquifoliaceae;Ilex;__TAXCLUSTER1__Ilex ferruginea

WARNING: 3 indistinguishable taxa have been merged into 1 clusters.

====> Building a multifurcating tree from taxonomy with 400 seqs ...

=====> Building the reference alignment ...

======> Saving the outgroup for later re-rooting ...

=======> Resolving multifurcation: choosing the best topology from 1 independent RAxML runs ...

========> Calling RAxML-EPA to obtain branch labels ...

=========> Post-processing the EPA tree (re-rooting, taxonomic labeling etc.) ...

==========> Saving the reference JSON file: ./n400_port_py3_epang_T8_rep2.refjson

*** STEP 2: Searching for mislabels ***

Running the leave-one-sequence-out test...

[epang-l1o] EPA-ng model: $SCRATCH/tmp/n400_port_py3_epang_T8_rep2/n400_port_py3_epang_T8_rep2_1787045277043/RAxML_info.mfresolv_n400_port_py3_epang_T8_rep2
[epang-l1o] placements produits: 400 (K=5 folds)
Leave-one-out test identified 36 suspicious sequences; running final EPA test to check them...

[epang-final] 36 suspects re-placed (model RAxML_info.mfresolv_n400_port_py3_epang_T8_rep2)
Mislabeled sequences by rank:
Kingdom     :	3
Phylum      :	5
Order       :	2
Family      :	3
Genus       :	3
Species     :	6

Total mislabels: 22 / 5.50 %

Results were saved to: $SCRATCH/work/n400_port_py3_epang_T8_rep2/n400_port_py3_epang_T8_rep2.mis
Execution log was saved to: $SCRATCH/work/n400_port_py3_epang_T8_rep2/n400_port_py3_epang_T8_rep2.log

Analysis completed successfully, elapsed time: 3 seconds (1s reftree, 2s leave-one-out)

