SATIVA v0.9.1, released on 2023-08-16. Last version: https://github.com/amkozlov/sativa 
By A.Kozlov and J.Zhang, the Exelixis Lab. Based on RAxML 8.2.3 by A.Stamatakis.

SATIVA was called as follows:

./env/sativa_upstream/sativa.py -s n400_inj5.fasta -t n400_inj5.tax -m ultrafast -C 0.4 -x BOT -T 1 -p 42 -n n400_inj5_upstream_py3_raxml_T1_rep1 -S -tmpdir $SCRATCH/tmp/n400_inj5_upstream_py3_raxml_T1_rep1

*** STEP 1: Building the reference tree using provided alignment and taxonomic annotations ***

=> Loading taxonomy from file: n400_inj5.tax ...

==> Loading reference alignment from file: n400_inj5.fasta ...

===> Validating taxonomy and alignment ...


WARNING: Following taxa share >60% indentical sequences und thus considered indistinguishable:
Plantae;Tracheophyta;NA;Aquifoliales;Aquifoliaceae;Ilex;Ilex ferruginea
Plantae;Tracheophyta;NA;Aquifoliales;Aquifoliaceae;Ilex;Ilex sugerokii
Plantae;Tracheophyta;NA;Aquifoliales;Aquifoliaceae;Ilex;Ilex hirsuta
For the purpose of mislabels identification, they were merged into one taxon:
Plantae;Tracheophyta;NA;Aquifoliales;Aquifoliaceae;Ilex;__TAXCLUSTER1__Ilex ferruginea

WARNING: 3 indistinguishable taxa have been merged into 1 clusters.

====> Building a multifurcating tree from taxonomy with 400 seqs ...

=====> Building the reference alignment ...

======> Saving the outgroup for later re-rooting ...

=======> Resolving multifurcation: choosing the best topology from 1 independent RAxML runs ...

========> Calling RAxML-EPA to obtain branch labels ...

=========> Post-processing the EPA tree (re-rooting, taxonomic labeling etc.) ...

==========> Saving the reference JSON file: ./n400_inj5_upstream_py3_raxml_T1_rep1.refjson

*** STEP 2: Searching for mislabels ***

Running the leave-one-sequence-out test...

Leave-one-out test identified 46 suspicious sequences; running final EPA test to check them...

Mislabeled sequences by rank:
Kingdom     :	3
Phylum      :	5
Order       :	7
Family      :	3
Genus       :	2
Species     :	11

Total mislabels: 31 / 7.75 %

Results were saved to: $SCRATCH/work/n400_inj5_upstream_py3_raxml_T1_rep1/n400_inj5_upstream_py3_raxml_T1_rep1.mis
Execution log was saved to: $SCRATCH/work/n400_inj5_upstream_py3_raxml_T1_rep1/n400_inj5_upstream_py3_raxml_T1_rep1.log

Analysis completed successfully, elapsed time: 36 seconds (1s reftree, 35s leave-one-out)

