SATIVA v0.9.1, released on 2023-08-16. Last version: https://github.com/amkozlov/sativa 
By A.Kozlov and J.Zhang, the Exelixis Lab. Based on RAxML 8.2.3 by A.Stamatakis.

SATIVA was called as follows:

sativa.py -s n1600.fasta -t n1600.tax -m ultrafast -C 0.4 -x BOT -T 8 -p 42 -n n1600_port_py3_epang_T8_K100_rep1 -S -tmpdir $SCRATCH/tmp/n1600_port_py3_epang_T8_K100_rep1

*** STEP 1: Building the reference tree using provided alignment and taxonomic annotations ***

=> Loading taxonomy from file: n1600.tax ...

==> Loading reference alignment from file: n1600.fasta ...

===> Validating taxonomy and alignment ...


WARNING: Following taxa share >60% indentical sequences und thus considered indistinguishable:
Plantae;Tracheophyta;NA;Ericales;Primulaceae;Primula;Primula jiugongshanensis
Plantae;Tracheophyta;NA;Ericales;Primulaceae;Primula;Primula cicutariifolia
For the purpose of mislabels identification, they were merged into one taxon:
Plantae;Tracheophyta;NA;Ericales;Primulaceae;Primula;__TAXCLUSTER1__Primula jiugongshanensis


WARNING: Following taxa share >60% indentical sequences und thus considered indistinguishable:
Plantae;Tracheophyta;NA;Aquifoliales;Aquifoliaceae;Ilex;Ilex metabaptista
Plantae;Tracheophyta;NA;Aquifoliales;Aquifoliaceae;Ilex;Ilex wuiana
For the purpose of mislabels identification, they were merged into one taxon:
Plantae;Tracheophyta;NA;Aquifoliales;Aquifoliaceae;Ilex;__TAXCLUSTER2__Ilex metabaptista


WARNING: Following taxa share >60% indentical sequences und thus considered indistinguishable:
Plantae;Tracheophyta;NA;Aquifoliales;Aquifoliaceae;Ilex;Ilex sugerokii
Plantae;Tracheophyta;NA;Aquifoliales;Aquifoliaceae;Ilex;Ilex hirsuta
Plantae;Tracheophyta;NA;Aquifoliales;Aquifoliaceae;Ilex;Ilex perado
Plantae;Tracheophyta;NA;Aquifoliales;Aquifoliaceae;Ilex;Ilex pentagona
Plantae;Tracheophyta;NA;Aquifoliales;Aquifoliaceae;Ilex;Ilex memecylifolia
For the purpose of mislabels identification, they were merged into one taxon:
Plantae;Tracheophyta;NA;Aquifoliales;Aquifoliaceae;Ilex;__TAXCLUSTER3__Ilex sugerokii


WARNING: Following taxa share >60% indentical sequences und thus considered indistinguishable:
Plantae;Tracheophyta;NA;Aquifoliales;Aquifoliaceae;Ilex;Ilex zygophylla
Plantae;Tracheophyta;NA;Aquifoliales;Aquifoliaceae;Ilex;Ilex oppositifolia
For the purpose of mislabels identification, they were merged into one taxon:
Plantae;Tracheophyta;NA;Aquifoliales;Aquifoliaceae;Ilex;__TAXCLUSTER4__Ilex zygophylla


WARNING: Following taxa share >60% indentical sequences und thus considered indistinguishable:
Fungi;Mucoromycota;NA;Endogonales;NA;NA;NA
Fungi;Mucoromycota;NA;GS22;NA;NA;NA
For the purpose of mislabels identification, they were merged into one taxon:
Fungi;Mucoromycota;NA;Endogonales;NA;NA;__TAXCLUSTER5__NA


WARNING: Following taxa share >60% indentical sequences und thus considered indistinguishable:
Plantae;Tracheophyta;NA;Aquifoliales;Aquifoliaceae;Ilex;Ilex decidua
Plantae;Tracheophyta;NA;Aquifoliales;Aquifoliaceae;Ilex;Ilex collina
For the purpose of mislabels identification, they were merged into one taxon:
Plantae;Tracheophyta;NA;Aquifoliales;Aquifoliaceae;Ilex;__TAXCLUSTER6__Ilex decidua


WARNING: Following taxa share >60% indentical sequences und thus considered indistinguishable:
Plantae;Tracheophyta;NA;Ericales;Primulaceae;Primula;Primula bracteata
Plantae;Tracheophyta;NA;Ericales;Primulaceae;Primula;Primula forrestii
For the purpose of mislabels identification, they were merged into one taxon:
Plantae;Tracheophyta;NA;Ericales;Primulaceae;Primula;__TAXCLUSTER7__Primula bracteata


WARNING: Following taxa share >60% indentical sequences und thus considered indistinguishable:
Plantae;Tracheophyta;NA;Ericales;Primulaceae;Primula;Primula helodoxa
Plantae;Tracheophyta;NA;Ericales;Primulaceae;Primula;Primula secundiflora
For the purpose of mislabels identification, they were merged into one taxon:
Plantae;Tracheophyta;NA;Ericales;Primulaceae;Primula;__TAXCLUSTER8__Primula helodoxa


WARNING: Following taxa share >60% indentical sequences und thus considered indistinguishable:
Plantae;Tracheophyta;NA;Ericales;Actinidiaceae;Saurauia;Saurauia zahlbruckneri
Plantae;Tracheophyta;NA;Ericales;Actinidiaceae;Saurauia;Saurauia chaparensis
For the purpose of mislabels identification, they were merged into one taxon:
Plantae;Tracheophyta;NA;Ericales;Actinidiaceae;Saurauia;__TAXCLUSTER9__Saurauia zahlbruckneri

WARNING: 21 indistinguishable taxa have been merged into 9 clusters.

====> Building a multifurcating tree from taxonomy with 1600 seqs ...

=====> Building the reference alignment ...

======> Saving the outgroup for later re-rooting ...

=======> Resolving multifurcation: choosing the best topology from 1 independent RAxML runs ...

========> Calling RAxML-EPA to obtain branch labels ...

=========> Post-processing the EPA tree (re-rooting, taxonomic labeling etc.) ...

==========> Saving the reference JSON file: ./n1600_port_py3_epang_T8_K100_rep1.refjson

*** STEP 2: Searching for mislabels ***

Running the leave-one-sequence-out test...

[epang-l1o] EPA-ng model: $SCRATCH/tmp/n1600_port_py3_epang_T8_K100_rep1/n1600_port_py3_epang_T8_K100_rep1_1787056246806/RAxML_info.mfresolv_n1600_port_py3_epang_T8_K100_rep1
[epang-l1o] placements produits: 1600 (K=100 folds)
Leave-one-out test identified 187 suspicious sequences; running final EPA test to check them...

[epang-final] 187 suspects re-placed (model RAxML_info.mfresolv_n1600_port_py3_epang_T8_K100_rep1)
Mislabeled sequences by rank:
Kingdom     :	11
Phylum      :	11
Order       :	9
Family      :	3
Genus       :	12
Species     :	75

Total mislabels: 121 / 7.56 %

Results were saved to: $SCRATCH/work/n1600_port_py3_epang_T8_K100_rep1/n1600_port_py3_epang_T8_K100_rep1.mis
Execution log was saved to: $SCRATCH/work/n1600_port_py3_epang_T8_K100_rep1/n1600_port_py3_epang_T8_K100_rep1.log

Analysis completed successfully, elapsed time: 167 seconds (45s reftree, 121s leave-one-out)

