SATIVA v0.9.1, released on 2023-08-16. Last version: https://github.com/amkozlov/sativa 
By A.Kozlov and J.Zhang, the Exelixis Lab. Based on RAxML 8.2.3 by A.Stamatakis.

SATIVA was called as follows:

sativa.py -s n5402.fasta -t n5402.tax -m ultrafast -C 0.4 -x BOT -T 4 -p 42 -n n5402_port_py3_epang_T4_rep1 -S -tmpdir $SCRATCH/tmp/n5402_port_py3_epang_T4_rep1

*** STEP 1: Building the reference tree using provided alignment and taxonomic annotations ***

=> Loading taxonomy from file: n5402.tax ...

==> Loading reference alignment from file: n5402.fasta ...

===> Validating taxonomy and alignment ...


WARNING: Following taxa share >60% indentical sequences und thus considered indistinguishable:
Plantae;Tracheophyta;NA;Aquifoliales;Aquifoliaceae;Ilex;Ilex sugerokii
Plantae;Tracheophyta;NA;Aquifoliales;Aquifoliaceae;Ilex;Ilex perado
Plantae;Tracheophyta;NA;Aquifoliales;Aquifoliaceae;Ilex;Ilex pentagona
Plantae;Tracheophyta;NA;Aquifoliales;Aquifoliaceae;Ilex;Ilex memecylifolia
Plantae;Tracheophyta;NA;Aquifoliales;Aquifoliaceae;Ilex;Ilex delavayi
Plantae;Tracheophyta;NA;Aquifoliales;Aquifoliaceae;Ilex;Ilex nanchuanensis
Plantae;Tracheophyta;NA;Aquifoliales;Aquifoliaceae;Ilex;Ilex litseifolia
Plantae;Tracheophyta;NA;Aquifoliales;Aquifoliaceae;Ilex;Ilex intermedia
Plantae;Tracheophyta;NA;Aquifoliales;Aquifoliaceae;Ilex;Ilex hylonoma
Plantae;Tracheophyta;NA;Aquifoliales;Aquifoliaceae;Ilex;Ilex gintungensis
Plantae;Tracheophyta;NA;Aquifoliales;Aquifoliaceae;Ilex;Ilex manneiensis
Plantae;Tracheophyta;NA;Aquifoliales;Aquifoliaceae;Ilex;Ilex wenchowensis
For the purpose of mislabels identification, they were merged into one taxon:
Plantae;Tracheophyta;NA;Aquifoliales;Aquifoliaceae;Ilex;__TAXCLUSTER1__Ilex sugerokii


WARNING: Following taxa share >60% indentical sequences und thus considered indistinguishable:
Plantae;Tracheophyta;NA;Aquifoliales;Aquifoliaceae;Ilex;Ilex macrocarpa
Plantae;Tracheophyta;NA;Aquifoliales;Aquifoliaceae;Ilex;Ilex kinabaluensis
For the purpose of mislabels identification, they were merged into one taxon:
Plantae;Tracheophyta;NA;Aquifoliales;Aquifoliaceae;Ilex;__TAXCLUSTER2__Ilex macrocarpa


WARNING: Following taxa share >60% indentical sequences und thus considered indistinguishable:
Plantae;Tracheophyta;NA;Aquifoliales;Aquifoliaceae;Ilex;Ilex zygophylla
Plantae;Tracheophyta;NA;Aquifoliales;Aquifoliaceae;Ilex;Ilex oppositifolia
For the purpose of mislabels identification, they were merged into one taxon:
Plantae;Tracheophyta;NA;Aquifoliales;Aquifoliaceae;Ilex;__TAXCLUSTER3__Ilex zygophylla


WARNING: Following taxa share >60% indentical sequences und thus considered indistinguishable:
Plantae;Tracheophyta;NA;Aquifoliales;Aquifoliaceae;Ilex;Ilex decidua
Plantae;Tracheophyta;NA;Aquifoliales;Aquifoliaceae;Ilex;Ilex collina
Plantae;Tracheophyta;NA;Aquifoliales;Aquifoliaceae;Ilex;Ilex mucronulata
Plantae;Tracheophyta;NA;Aquifoliales;NA;NA;NA
For the purpose of mislabels identification, they were merged into one taxon:
Plantae;Tracheophyta;NA;Aquifoliales;Aquifoliaceae;Ilex;__TAXCLUSTER4__Ilex decidua


WARNING: Following taxa share >60% indentical sequences und thus considered indistinguishable:
Plantae;Tracheophyta;NA;Aquifoliales;Aquifoliaceae;Ilex;Ilex nitida
Plantae;Tracheophyta;NA;Aquifoliales;Aquifoliaceae;Ilex;Ilex repanda
For the purpose of mislabels identification, they were merged into one taxon:
Plantae;Tracheophyta;NA;Aquifoliales;Aquifoliaceae;Ilex;__TAXCLUSTER5__Ilex nitida


WARNING: Following taxa share >60% indentical sequences und thus considered indistinguishable:
Plantae;Tracheophyta;NA;Aquifoliales;Aquifoliaceae;Ilex;Ilex lihuaiensis
Plantae;Tracheophyta;NA;Aquifoliales;Aquifoliaceae;Ilex;Ilex metabaptista
For the purpose of mislabels identification, they were merged into one taxon:
Plantae;Tracheophyta;NA;Aquifoliales;Aquifoliaceae;Ilex;__TAXCLUSTER6__Ilex lihuaiensis


WARNING: Following taxa share >60% indentical sequences und thus considered indistinguishable:
Plantae;Tracheophyta;NA;Asterales;Asteraceae;Scorzonera;Scorzonera alpigena
Plantae;Tracheophyta;NA;Asterales;Asteraceae;Gelasia;Gelasia tomentosa
For the purpose of mislabels identification, they were merged into one taxon:
Plantae;Tracheophyta;NA;Asterales;Asteraceae;Scorzonera;__TAXCLUSTER7__Scorzonera alpigena


WARNING: Following taxa share >60% indentical sequences und thus considered indistinguishable:
Plantae;Tracheophyta;NA;Ericales;Primulaceae;Primula;Primula bracteata
Plantae;Tracheophyta;NA;Ericales;Primulaceae;Primula;Primula forrestii
For the purpose of mislabels identification, they were merged into one taxon:
Plantae;Tracheophyta;NA;Ericales;Primulaceae;Primula;__TAXCLUSTER8__Primula bracteata


WARNING: Following taxa share >60% indentical sequences und thus considered indistinguishable:
Plantae;Tracheophyta;NA;Aquifoliales;Aquifoliaceae;Ilex;Ilex verticillata
Plantae;Tracheophyta;NA;Aquifoliales;Aquifoliaceae;Ilex;Ilex aculeolata
For the purpose of mislabels identification, they were merged into one taxon:
Plantae;Tracheophyta;NA;Aquifoliales;Aquifoliaceae;Ilex;__TAXCLUSTER9__Ilex verticillata


WARNING: Following taxa share >60% indentical sequences und thus considered indistinguishable:
Plantae;Tracheophyta;NA;Ericales;Primulaceae;Primula;Primula helodoxa
Plantae;Tracheophyta;NA;Ericales;Primulaceae;Primula;Primula secundiflora
Plantae;Tracheophyta;NA;Ericales;Primulaceae;Primula;Primula bulleyana
Plantae;Tracheophyta;NA;Ericales;Primulaceae;Primula;Primula serratifolia
Plantae;Tracheophyta;NA;Ericales;Primulaceae;Primula;Primula epilosa
Plantae;Tracheophyta;NA;Ericales;Primulaceae;Primula;Primula sonchifolia
Plantae;Tracheophyta;NA;Ericales;Primulaceae;Primula;Primula melanodonta
For the purpose of mislabels identification, they were merged into one taxon:
Plantae;Tracheophyta;NA;Ericales;Primulaceae;Primula;__TAXCLUSTER10__Primula helodoxa


WARNING: Following taxa share >60% indentical sequences und thus considered indistinguishable:
Plantae;Tracheophyta;NA;Ericales;Primulaceae;Primula;Primula heucherifolia
Plantae;Tracheophyta;NA;Ericales;Primulaceae;Primula;Primula septemloba
Plantae;Tracheophyta;NA;Ericales;Primulaceae;Primula;Primula palmata
For the purpose of mislabels identification, they were merged into one taxon:
Plantae;Tracheophyta;NA;Ericales;Primulaceae;Primula;__TAXCLUSTER11__Primula heucherifolia


WARNING: Following taxa share >60% indentical sequences und thus considered indistinguishable:
Plantae;Tracheophyta;NA;Ericales;Actinidiaceae;Saurauia;Saurauia zahlbruckneri
Plantae;Tracheophyta;NA;Ericales;Actinidiaceae;Saurauia;Saurauia chaparensis
For the purpose of mislabels identification, they were merged into one taxon:
Plantae;Tracheophyta;NA;Ericales;Actinidiaceae;Saurauia;__TAXCLUSTER12__Saurauia zahlbruckneri


WARNING: Following taxa share >60% indentical sequences und thus considered indistinguishable:
Plantae;Tracheophyta;NA;Ericales;Primulaceae;Soldanella;Soldanella calabrella
Plantae;Tracheophyta;NA;Ericales;Primulaceae;Soldanella;Soldanella rhodopaea
Plantae;Tracheophyta;NA;Ericales;Primulaceae;Soldanella;Soldanella sacra
For the purpose of mislabels identification, they were merged into one taxon:
Plantae;Tracheophyta;NA;Ericales;Primulaceae;Soldanella;__TAXCLUSTER13__Soldanella calabrella


WARNING: Following taxa share >60% indentical sequences und thus considered indistinguishable:
Plantae;Tracheophyta;NA;Aquifoliales;Aquifoliaceae;Ilex;Ilex lohfauensis
Plantae;Tracheophyta;NA;Aquifoliales;Aquifoliaceae;Ilex;Ilex stewardii
Plantae;Tracheophyta;NA;Aquifoliales;Aquifoliaceae;Ilex;Ilex wilsonii
For the purpose of mislabels identification, they were merged into one taxon:
Plantae;Tracheophyta;NA;Aquifoliales;Aquifoliaceae;Ilex;__TAXCLUSTER14__Ilex lohfauensis


WARNING: Following taxa share >60% indentical sequences und thus considered indistinguishable:
Plantae;Tracheophyta;NA;Fabales;Fabaceae;Pachyrhizus;NA
Plantae;Tracheophyta;NA;Fabales;Fabaceae;Pachyrhizus;Pachyrhizus erosus
For the purpose of mislabels identification, they were merged into one taxon:
Plantae;Tracheophyta;NA;Fabales;Fabaceae;Pachyrhizus;__TAXCLUSTER15__NA


WARNING: Following taxa share >60% indentical sequences und thus considered indistinguishable:
Plantae;Tracheophyta;NA;Ericales;Primulaceae;Primula;Primula miyabeana
Plantae;Tracheophyta;NA;Ericales;Primulaceae;Primula;Primula wilsonii
For the purpose of mislabels identification, they were merged into one taxon:
Plantae;Tracheophyta;NA;Ericales;Primulaceae;Primula;__TAXCLUSTER16__Primula miyabeana


WARNING: Following taxa share >60% indentical sequences und thus considered indistinguishable:
Plantae;Tracheophyta;NA;Ericales;Primulaceae;Primula;Primula szechuanica
Plantae;Tracheophyta;NA;Ericales;Primulaceae;Primula;Primula diantha
Plantae;Tracheophyta;NA;Ericales;Primulaceae;Primula;Primula turkestanica
For the purpose of mislabels identification, they were merged into one taxon:
Plantae;Tracheophyta;NA;Ericales;Primulaceae;Primula;__TAXCLUSTER17__Primula szechuanica


WARNING: Following taxa share >60% indentical sequences und thus considered indistinguishable:
Plantae;Tracheophyta;NA;Ericales;Actinidiaceae;Actinidia;Actinidia deliciosa
Plantae;Tracheophyta;NA;Ericales;Actinidiaceae;Actinidia;Actinidia chinensis
For the purpose of mislabels identification, they were merged into one taxon:
Plantae;Tracheophyta;NA;Ericales;Actinidiaceae;Actinidia;__TAXCLUSTER18__Actinidia deliciosa


WARNING: Following taxa share >60% indentical sequences und thus considered indistinguishable:
Plantae;Chlorophyta;NA;NA;NA;NA;NA
Plantae;Chlorophyta;NA;NA;NA;Pleurastrosarcina;Pleurastrosarcina brevispinosa
For the purpose of mislabels identification, they were merged into one taxon:
Plantae;Chlorophyta;NA;NA;NA;NA;__TAXCLUSTER19__NA


WARNING: Following taxa share >60% indentical sequences und thus considered indistinguishable:
Plantae;Chlorophyta;NA;Microthamniales;NA;Asterochloris;Asterochloris echinata
Plantae;Chlorophyta;NA;Trebouxiales;NA;Asterochloris;Asterochloris echinata
For the purpose of mislabels identification, they were merged into one taxon:
Plantae;Chlorophyta;NA;Microthamniales;NA;Asterochloris;__TAXCLUSTER20__Asterochloris echinata


WARNING: Following taxa share >60% indentical sequences und thus considered indistinguishable:
Plantae;Tracheophyta;NA;Aquifoliales;Aquifoliaceae;Ilex;Ilex suaveolens
Plantae;Tracheophyta;NA;Aquifoliales;Aquifoliaceae;Ilex;Ilex championii
For the purpose of mislabels identification, they were merged into one taxon:
Plantae;Tracheophyta;NA;Aquifoliales;Aquifoliaceae;Ilex;__TAXCLUSTER21__Ilex suaveolens


WARNING: Following taxa share >60% indentical sequences und thus considered indistinguishable:
Plantae;Bryophyta;NA;Hypnales;Hylocomiaceae;Macrothamnium;Macrothamnium macrocarpum
Plantae;Bryophyta;NA;Hypnales;Hylocomiaceae;Orontobryum;Orontobryum hookeri
For the purpose of mislabels identification, they were merged into one taxon:
Plantae;Bryophyta;NA;Hypnales;Hylocomiaceae;Macrothamnium;__TAXCLUSTER22__Macrothamnium macrocarpum

WARNING: 65 indistinguishable taxa have been merged into 22 clusters.

====> Building a multifurcating tree from taxonomy with 5402 seqs ...

=====> Building the reference alignment ...

======> Saving the outgroup for later re-rooting ...

=======> Resolving multifurcation: choosing the best topology from 1 independent RAxML runs ...

========> Calling RAxML-EPA to obtain branch labels ...

=========> Post-processing the EPA tree (re-rooting, taxonomic labeling etc.) ...

==========> Saving the reference JSON file: ./n5402_port_py3_epang_T4_rep1.refjson

*** STEP 2: Searching for mislabels ***

Running the leave-one-sequence-out test...

[epang-l1o] EPA-ng model: $SCRATCH/tmp/n5402_port_py3_epang_T4_rep1/n5402_port_py3_epang_T4_rep1_1787048776708/RAxML_info.mfresolv_n5402_port_py3_epang_T4_rep1
[epang-l1o] placements produits: 5402 (K=5 folds)
Leave-one-out test identified 805 suspicious sequences; running final EPA test to check them...

[epang-final] 805 suspects re-placed (model RAxML_info.mfresolv_n5402_port_py3_epang_T4_rep1)
Mislabeled sequences by rank:
Kingdom     :	33
Phylum      :	38
Order       :	43
Infraorder  :	2
Superfamily :	1
Family      :	32
Genus       :	40
Species     :	415

Total mislabels: 604 / 11.18 %

Results were saved to: $SCRATCH/work/n5402_port_py3_epang_T4_rep1/n5402_port_py3_epang_T4_rep1.mis
Execution log was saved to: $SCRATCH/work/n5402_port_py3_epang_T4_rep1/n5402_port_py3_epang_T4_rep1.log

Analysis completed successfully, elapsed time: 215 seconds (9s reftree, 206s leave-one-out)


