SATIVA v0.9.1, released on 2023-08-16. Last version: https://github.com/amkozlov/sativa 
By A.Kozlov and J.Zhang, the Exelixis Lab. Based on RAxML 8.2.3 by A.Stamatakis.

SATIVA was called as follows:

./env/sativa_upstream/sativa.py -s n100.fasta -t n100.tax -m ultrafast -C 0.4 -x BOT -T 1 -p 42 -n n100_upstream_py3_raxml_T1_rep1 -S -tmpdir $SCRATCH/tmp/n100_upstream_py3_raxml_T1_rep1

*** STEP 1: Building the reference tree using provided alignment and taxonomic annotations ***

=> Loading taxonomy from file: n100.tax ...

==> Loading reference alignment from file: n100.fasta ...

===> Validating taxonomy and alignment ...

====> Building a multifurcating tree from taxonomy with 100 seqs ...

=====> Building the reference alignment ...

======> Saving the outgroup for later re-rooting ...

=======> Resolving multifurcation: choosing the best topology from 1 independent RAxML runs ...

========> Calling RAxML-EPA to obtain branch labels ...

=========> Post-processing the EPA tree (re-rooting, taxonomic labeling etc.) ...

==========> Saving the reference JSON file: ./n100_upstream_py3_raxml_T1_rep1.refjson

*** STEP 2: Searching for mislabels ***

Running the leave-one-sequence-out test...

Leave-one-out test identified 8 suspicious sequences; running final EPA test to check them...

Mislabeled sequences by rank:
Phylum      :	4
Family      :	2

Total mislabels: 6 / 6.00 %

Results were saved to: $SCRATCH/work/n100_upstream_py3_raxml_T1_rep1/n100_upstream_py3_raxml_T1_rep1.mis
Execution log was saved to: $SCRATCH/work/n100_upstream_py3_raxml_T1_rep1/n100_upstream_py3_raxml_T1_rep1.log

Analysis completed successfully, elapsed time: 3 seconds (0s reftree, 3s leave-one-out)

