SATIVA v0.9.1, released on 2023-08-16. Last version: https://github.com/amkozlov/sativa 
By A.Kozlov and J.Zhang, the Exelixis Lab. Based on RAxML 8.2.3 by A.Stamatakis.

SATIVA was called as follows:

sativa.py -s n100.fasta -t n100.tax -m ultrafast -C 0.4 -x BOT -T 2 -p 42 -n n100_port_py3_epang_T2_rep1 -S -tmpdir $SCRATCH/tmp/n100_port_py3_epang_T2_rep1

*** STEP 1: Building the reference tree using provided alignment and taxonomic annotations ***

=> Loading taxonomy from file: n100.tax ...

==> Loading reference alignment from file: n100.fasta ...

===> Validating taxonomy and alignment ...

====> Building a multifurcating tree from taxonomy with 100 seqs ...

=====> Building the reference alignment ...

======> Saving the outgroup for later re-rooting ...

=======> Resolving multifurcation: choosing the best topology from 1 independent RAxML runs ...

========> Calling RAxML-EPA to obtain branch labels ...

=========> Post-processing the EPA tree (re-rooting, taxonomic labeling etc.) ...

==========> Saving the reference JSON file: ./n100_port_py3_epang_T2_rep1.refjson

*** STEP 2: Searching for mislabels ***

Running the leave-one-sequence-out test...

[epang-l1o] EPA-ng model: $SCRATCH/tmp/n100_port_py3_epang_T2_rep1/n100_port_py3_epang_T2_rep1_1787044350620/RAxML_info.mfresolv_n100_port_py3_epang_T2_rep1
[epang-l1o] placements produits: 100 (K=5 folds)
Leave-one-out test identified 10 suspicious sequences; running final EPA test to check them...

[epang-final] 10 suspects re-placed (model RAxML_info.mfresolv_n100_port_py3_epang_T2_rep1)
Mislabeled sequences by rank:
Phylum      :	3
Order       :	1
Family      :	2

Total mislabels: 6 / 6.00 %

Results were saved to: $SCRATCH/work/n100_port_py3_epang_T2_rep1/n100_port_py3_epang_T2_rep1.mis
Execution log was saved to: $SCRATCH/work/n100_port_py3_epang_T2_rep1/n100_port_py3_epang_T2_rep1.log

Analysis completed successfully, elapsed time: 2 seconds (0s reftree, 1s leave-one-out)


