SATIVA v0.9-57-g8a99328, released on 2017-07-15. Last version: https://github.com/amkozlov/sativa 
By A.Kozlov and J.Zhang, the Exelixis Lab. Based on RAxML 8.2.3 by A.Stamatakis.

SATIVA was called as follows:

./env/sativa_upstream_py2/sativa.py -s n400.fasta -t n400.tax -m ultrafast -C 0.4 -x BOT -T 1 -p 42 -n n400_upstream_py2_raxml_T1_rep2 -S -tmpdir $SCRATCH/tmp/n400_upstream_py2_raxml_T1_rep2

*** STEP 1: Building the reference tree using provided alignment and taxonomic annotations ***

=> Loading taxonomy from file: n400.tax ...

==> Loading reference alignment from file: n400.fasta ...

===> Validating taxonomy and alignment ...


WARNING: Following taxa share >60% indentical sequences und thus considered indistinguishable:
Plantae;Tracheophyta;NA;Aquifoliales;Aquifoliaceae;Ilex;Ilex hirsuta
Plantae;Tracheophyta;NA;Aquifoliales;Aquifoliaceae;Ilex;Ilex ferruginea
Plantae;Tracheophyta;NA;Aquifoliales;Aquifoliaceae;Ilex;Ilex sugerokii
For the purpose of mislabels identification, they were merged into one taxon:
Plantae;Tracheophyta;NA;Aquifoliales;Aquifoliaceae;Ilex;__TAXCLUSTER1__Ilex hirsuta

WARNING: 3 indistinguishable taxa have been merged into 1 clusters.

====> Building a multifurcating tree from taxonomy with 400 seqs ...

=====> Building the reference alignment ...

======> Saving the outgroup for later re-rooting ...

=======> Resolving multifurcation: choosing the best topology from 1 independent RAxML runs ...

========> Calling RAxML-EPA to obtain branch labels ...

=========> Post-processing the EPA tree (re-rooting, taxonomic labeling etc.) ...

==========> Saving the reference JSON file: ./n400_upstream_py2_raxml_T1_rep2.refjson

*** STEP 2: Searching for mislabels ***

Running the leave-one-sequence-out test...

Leave-one-out test identified 38 suspicious sequences; running final EPA test to check them...

Mislabeled sequences by rank:
Kingdom     :	2
Phylum      :	6
Order       :	2
Family      :	3
Genus       :	2
Species     :	10

Total mislabels: 25 / 6.25 %

Results were saved to: $SCRATCH/work/n400_upstream_py2_raxml_T1_rep2/n400_upstream_py2_raxml_T1_rep2.mis
Execution log was saved to: $SCRATCH/work/n400_upstream_py2_raxml_T1_rep2/n400_upstream_py2_raxml_T1_rep2.log

Analysis completed successfully, elapsed time: 37 seconds (1s reftree, 36s leave-one-out)

